
--- Log started at 2025-04-30 13:52:28.096919 ---
Activity tracker initialized
Focus score calculator initialized
Pomodoro timer initialized
Activity tracking started
Application initialized
Pomodoro timer started
Website detected: youtube.com (from title: YouTube - Google Chrome)
Unproductive website detected: youtube.com
Using unproductive app: chrome.exe
Started tracking unproductive time at 13:53:07
Website detected: youtube.com (from title: YouTube - Google Chrome)
Unproductive website detected: youtube.com
Website detected: youtube.com (from title: YouTube - Google Chrome)
Unproductive website detected: youtube.com
Website detected: youtube.com (from title: YouTube - Google Chrome)
Unproductive website detected: youtube.com
Website detected: youtube.com (from title: YouTube - Google Chrome)
Unproductive website detected: youtube.com
Website detected: youtube.com (from title: YouTube - Google Chrome)
Unproductive website detected: youtube.com
Website detected: youtube.com (from title: YouTube - Google Chrome)
Unproductive website detected: youtube.com
Website detected: youtube.com (from title: (26) YouTube - Google Chrome)
Unproductive website detected: youtube.com
Using unproductive app: chrome.exe
Website detected: youtube.com (from title: (26) YouTube - Google Chrome)
Unproductive website detected: youtube.com
Website detected: youtube.com (from title: (26) YouTube - Google Chrome)
Unproductive website detected: youtube.com
Website detected: youtube.com (from title: (26) YouTube - Google Chrome)
Unproductive website detected: youtube.com
Website detected: youtube.com (from title: (26) YouTube - Google Chrome)
Unproductive website detected: youtube.com
Pomodoro timer stopped
Triggering unproductive time alert
Unproductive time alert triggered after 1.0 minutes
Error getting active window: process PID not found (pid=702843216)
Error getting active window: process PID not found (pid=702843216)
Error getting active window: process PID not found (pid=702843216)
Error getting active window: process PID not found (pid=702843216)
Error getting active window: process PID not found (pid=702843216)
Error getting active window: process PID not found (pid=702843216)
Error getting active window: process PID not found (pid=702843216)
Error getting active window: process PID not found (pid=702843216)
Error getting active window: process PID not found (pid=702843216)
Error getting active window: process PID not found (pid=702843216)
Error getting active window: process PID not found (pid=702843216)
Error getting active window: process PID not found (pid=702843216)
Error getting active window: process PID not found (pid=702843216)
Error getting active window: process PID not found (pid=702843216)
Error getting active window: process PID not found (pid=702843216)
Error getting active window: process PID not found (pid=702843216)
Error getting active window: process PID not found (pid=702843216)
Error getting active window: process PID not found (pid=702843216)
Error getting active window: process PID not found (pid=702843216)
Error getting active window: process PID not found (pid=702843216)
Error getting active window: process PID not found (pid=702843216)
Error getting active window: process PID not found (pid=702843216)
Error getting active window: process PID not found (pid=702843216)
Error getting active window: process PID not found (pid=702843216)
Error getting active window: process PID not found (pid=702843216)
Error getting active window: process PID not found (pid=702843216)
Error getting active window: process PID not found (pid=702843216)
Error getting active window: process PID not found (pid=702843216)
Error getting active window: process PID not found (pid=702843216)
Error getting active window: process PID not found (pid=702843216)
Error getting active window: process PID not found (pid=702843216)
Error getting active window: process PID not found (pid=702843216)
Error getting active window: process PID not found (pid=702843216)
Error getting active window: process PID not found (pid=702843216)
Error getting active window: process PID not found (pid=702843216)
Error getting active window: process PID not found (pid=702843216)
Error getting active window: process PID not found (pid=702843216)
Error getting active window: process PID not found (pid=702843216)
Error getting active window: process PID not found (pid=702843216)
Error getting active window: process PID not found (pid=702843216)
Error getting active window: process PID not found (pid=702843216)
Error getting active window: process PID not found (pid=702843216)
Error getting active window: process PID not found (pid=702843216)
Error getting active window: process PID not found (pid=702843216)
Error getting active window: process PID not found (pid=702843216)
Error getting active window: process PID not found (pid=702843216)
Error getting active window: process PID not found (pid=702843216)
Error getting active window: process PID not found (pid=702843216)
Error getting active window: process PID not found (pid=702843216)
Error getting active window: process PID not found (pid=702843216)
Website detected: youtube.com (from title: (26) YouTube - Google Chrome)
Unproductive website detected: youtube.com
Website detected: youtube.com (from title: (26) YouTube - Google Chrome)
Unproductive website detected: youtube.com
Using unproductive app: chrome.exe
Website detected: youtube.com (from title: (26) YouTube - Google Chrome)
Unproductive website detected: youtube.com
Website detected: youtube.com (from title: (26) YouTube - Google Chrome)
Unproductive website detected: youtube.com
Switching to productive app: code.exe. Unproductive session ended.
Unproductive time: 953.9 seconds
Website detected: youtube.com (from title: (26) YouTube - Google Chrome)
Unproductive website detected: youtube.com
Website detected: youtube.com (from title: (26) YouTube - Google Chrome)
Unproductive website detected: youtube.com
Using unproductive app: chrome.exe
Started tracking unproductive time at 14:10:33
Website detected: youtube.com (from title: (26) YouTube - Google Chrome)
Unproductive website detected: youtube.com
Website detected: youtube.com (from title: (26) YouTube - Google Chrome)
Unproductive website detected: youtube.com
Website detected: youtube.com (from title: (26) YouTube - Google Chrome)
Unproductive website detected: youtube.com
Switching to productive app: chrome.exe. Unproductive session ended.
Unproductive time: 3.0 seconds
Error getting active window: process PID not found (pid=702843216)
Error logging activity: 'charmap' codec can't encode character '\u200b' in position 61: character maps to <undefined>
Error logging activity: 'charmap' codec can't encode character '\u200b' in position 70: character maps to <undefined>
Forcing productivity alert
Triggering unproductive time alert
Forcing productivity alert
Triggering unproductive time alert
